// Jest Snapshot v1, https://goo.gl/fbAQLP

exports[`Characters component Matches the snapshot 1`] = `
<div
  className="characters"
/>
`;
